<?xml version="1.0" encoding="UTF-8"?>
<testsuites name="jest tests" tests="15" failures="15" errors="0" time="0.882">
  <testsuite name="User Management" errors="0" failures="15" skipped="0" timestamp="2024-03-08T15:07:55" time="0.647" tests="15">
    <testcase classname="User Management App Initialization should initially show empty table list" name="User Management App Initialization should initially show empty table list" time="0.021">
      <failure>Error: expect(received).toEqual(expected) // deep equality

Expected: 0
Received: 1
    at checkTableListValues (/Users/xbxs250/Projects/interview-question/src/App.test.js:63:86)
    at Object.&lt;anonymous&gt; (/Users/xbxs250/Projects/interview-question/src/App.test.js:77:13)
    at Promise.then.completed (/Users/xbxs250/Projects/interview-question/node_modules/jest-circus/build/utils.js:391:28)
    at new Promise (&lt;anonymous&gt;)
    at callAsyncCircusFn (/Users/xbxs250/Projects/interview-question/node_modules/jest-circus/build/utils.js:316:10)
    at _callCircusTest (/Users/xbxs250/Projects/interview-question/node_modules/jest-circus/build/run.js:218:40)
    at processTicksAndRejections (node:internal/process/task_queues:95:5)
    at _runTest (/Users/xbxs250/Projects/interview-question/node_modules/jest-circus/build/run.js:155:3)
    at _runTestsForDescribeBlock (/Users/xbxs250/Projects/interview-question/node_modules/jest-circus/build/run.js:66:9)
    at _runTestsForDescribeBlock (/Users/xbxs250/Projects/interview-question/node_modules/jest-circus/build/run.js:60:9)
    at _runTestsForDescribeBlock (/Users/xbxs250/Projects/interview-question/node_modules/jest-circus/build/run.js:60:9)
    at run (/Users/xbxs250/Projects/interview-question/node_modules/jest-circus/build/run.js:25:3)
    at runAndTransformResultsToJestFormat (/Users/xbxs250/Projects/interview-question/node_modules/jest-circus/build/legacy-code-todo-rewrite/jestAdapterInit.js:170:21)
    at jestAdapter (/Users/xbxs250/Projects/interview-question/node_modules/jest-circus/build/legacy-code-todo-rewrite/jestAdapter.js:82:19)
    at runTestInternal (/Users/xbxs250/Projects/interview-question/node_modules/jest-runner/build/runTest.js:389:16)
    at runTest (/Users/xbxs250/Projects/interview-question/node_modules/jest-runner/build/runTest.js:475:34)
    at TestRunner.runTests (/Users/xbxs250/Projects/interview-question/node_modules/jest-runner/build/index.js:101:12)
    at TestScheduler.scheduleTests (/Users/xbxs250/Projects/interview-question/node_modules/@jest/core/build/TestScheduler.js:333:13)
    at runJest (/Users/xbxs250/Projects/interview-question/node_modules/@jest/core/build/runJest.js:404:19)
    at _run10000 (/Users/xbxs250/Projects/interview-question/node_modules/@jest/core/build/cli/index.js:320:7)
    at runCLI (/Users/xbxs250/Projects/interview-question/node_modules/@jest/core/build/cli/index.js:173:3)
    at Object.run (/Users/xbxs250/Projects/interview-question/node_modules/jest-cli/build/cli/index.js:155:37)</failure>
    </testcase>
    <testcase classname="User Management App Initialization should initially not show validation alert" name="User Management App Initialization should initially not show validation alert" time="0.006">
      <failure>Error: expect(received).toBeNull()

Received: &lt;div class=&quot;alert error mb-30&quot; data-testid=&quot;validationAlert&quot;&gt;Error: All fields are mandatory. And phone number to be of 10 digits.&lt;/div&gt;
    at Object.&lt;anonymous&gt; (/Users/xbxs250/Projects/interview-question/src/App.test.js:81:67)
    at Promise.then.completed (/Users/xbxs250/Projects/interview-question/node_modules/jest-circus/build/utils.js:391:28)
    at new Promise (&lt;anonymous&gt;)
    at callAsyncCircusFn (/Users/xbxs250/Projects/interview-question/node_modules/jest-circus/build/utils.js:316:10)
    at _callCircusTest (/Users/xbxs250/Projects/interview-question/node_modules/jest-circus/build/run.js:218:40)
    at processTicksAndRejections (node:internal/process/task_queues:95:5)
    at _runTest (/Users/xbxs250/Projects/interview-question/node_modules/jest-circus/build/run.js:155:3)
    at _runTestsForDescribeBlock (/Users/xbxs250/Projects/interview-question/node_modules/jest-circus/build/run.js:66:9)
    at _runTestsForDescribeBlock (/Users/xbxs250/Projects/interview-question/node_modules/jest-circus/build/run.js:60:9)
    at _runTestsForDescribeBlock (/Users/xbxs250/Projects/interview-question/node_modules/jest-circus/build/run.js:60:9)
    at run (/Users/xbxs250/Projects/interview-question/node_modules/jest-circus/build/run.js:25:3)
    at runAndTransformResultsToJestFormat (/Users/xbxs250/Projects/interview-question/node_modules/jest-circus/build/legacy-code-todo-rewrite/jestAdapterInit.js:170:21)
    at jestAdapter (/Users/xbxs250/Projects/interview-question/node_modules/jest-circus/build/legacy-code-todo-rewrite/jestAdapter.js:82:19)
    at runTestInternal (/Users/xbxs250/Projects/interview-question/node_modules/jest-runner/build/runTest.js:389:16)
    at runTest (/Users/xbxs250/Projects/interview-question/node_modules/jest-runner/build/runTest.js:475:34)
    at TestRunner.runTests (/Users/xbxs250/Projects/interview-question/node_modules/jest-runner/build/index.js:101:12)
    at TestScheduler.scheduleTests (/Users/xbxs250/Projects/interview-question/node_modules/@jest/core/build/TestScheduler.js:333:13)
    at runJest (/Users/xbxs250/Projects/interview-question/node_modules/@jest/core/build/runJest.js:404:19)
    at _run10000 (/Users/xbxs250/Projects/interview-question/node_modules/@jest/core/build/cli/index.js:320:7)
    at runCLI (/Users/xbxs250/Projects/interview-question/node_modules/@jest/core/build/cli/index.js:173:3)
    at Object.run (/Users/xbxs250/Projects/interview-question/node_modules/jest-cli/build/cli/index.js:155:37)</failure>
    </testcase>
    <testcase classname="User Management Cancel Button should do nothing when user clicks cancel button with no data in the form" name="User Management Cancel Button should do nothing when user clicks cancel button with no data in the form" time="0.006">
      <failure>Error: expect(received).toBeNull()

Received: &lt;div class=&quot;alert error mb-30&quot; data-testid=&quot;validationAlert&quot;&gt;Error: All fields are mandatory. And phone number to be of 10 digits.&lt;/div&gt;
    at Object.&lt;anonymous&gt; (/Users/xbxs250/Projects/interview-question/src/App.test.js:90:67)
    at Promise.then.completed (/Users/xbxs250/Projects/interview-question/node_modules/jest-circus/build/utils.js:391:28)
    at new Promise (&lt;anonymous&gt;)
    at callAsyncCircusFn (/Users/xbxs250/Projects/interview-question/node_modules/jest-circus/build/utils.js:316:10)
    at _callCircusTest (/Users/xbxs250/Projects/interview-question/node_modules/jest-circus/build/run.js:218:40)
    at processTicksAndRejections (node:internal/process/task_queues:95:5)
    at _runTest (/Users/xbxs250/Projects/interview-question/node_modules/jest-circus/build/run.js:155:3)
    at _runTestsForDescribeBlock (/Users/xbxs250/Projects/interview-question/node_modules/jest-circus/build/run.js:66:9)
    at _runTestsForDescribeBlock (/Users/xbxs250/Projects/interview-question/node_modules/jest-circus/build/run.js:60:9)
    at _runTestsForDescribeBlock (/Users/xbxs250/Projects/interview-question/node_modules/jest-circus/build/run.js:60:9)
    at run (/Users/xbxs250/Projects/interview-question/node_modules/jest-circus/build/run.js:25:3)
    at runAndTransformResultsToJestFormat (/Users/xbxs250/Projects/interview-question/node_modules/jest-circus/build/legacy-code-todo-rewrite/jestAdapterInit.js:170:21)
    at jestAdapter (/Users/xbxs250/Projects/interview-question/node_modules/jest-circus/build/legacy-code-todo-rewrite/jestAdapter.js:82:19)
    at runTestInternal (/Users/xbxs250/Projects/interview-question/node_modules/jest-runner/build/runTest.js:389:16)
    at runTest (/Users/xbxs250/Projects/interview-question/node_modules/jest-runner/build/runTest.js:475:34)
    at TestRunner.runTests (/Users/xbxs250/Projects/interview-question/node_modules/jest-runner/build/index.js:101:12)
    at TestScheduler.scheduleTests (/Users/xbxs250/Projects/interview-question/node_modules/@jest/core/build/TestScheduler.js:333:13)
    at runJest (/Users/xbxs250/Projects/interview-question/node_modules/@jest/core/build/runJest.js:404:19)
    at _run10000 (/Users/xbxs250/Projects/interview-question/node_modules/@jest/core/build/cli/index.js:320:7)
    at runCLI (/Users/xbxs250/Projects/interview-question/node_modules/@jest/core/build/cli/index.js:173:3)
    at Object.run (/Users/xbxs250/Projects/interview-question/node_modules/jest-cli/build/cli/index.js:155:37)</failure>
    </testcase>
    <testcase classname="User Management Cancel Button should clear all entered values when user clicks cancel button" name="User Management Cancel Button should clear all entered values when user clicks cancel button" time="0.008">
      <failure>Error: expect(received).toEqual(expected) // deep equality

Expected: &quot;&quot;
Received: &quot;someFirstName&quot;
    at checkFormValues (/Users/xbxs250/Projects/interview-question/src/App.test.js:57:38)
    at Object.&lt;anonymous&gt; (/Users/xbxs250/Projects/interview-question/src/App.test.js:100:13)
    at Promise.then.completed (/Users/xbxs250/Projects/interview-question/node_modules/jest-circus/build/utils.js:391:28)
    at new Promise (&lt;anonymous&gt;)
    at callAsyncCircusFn (/Users/xbxs250/Projects/interview-question/node_modules/jest-circus/build/utils.js:316:10)
    at _callCircusTest (/Users/xbxs250/Projects/interview-question/node_modules/jest-circus/build/run.js:218:40)
    at processTicksAndRejections (node:internal/process/task_queues:95:5)
    at _runTest (/Users/xbxs250/Projects/interview-question/node_modules/jest-circus/build/run.js:155:3)
    at _runTestsForDescribeBlock (/Users/xbxs250/Projects/interview-question/node_modules/jest-circus/build/run.js:66:9)
    at _runTestsForDescribeBlock (/Users/xbxs250/Projects/interview-question/node_modules/jest-circus/build/run.js:60:9)
    at _runTestsForDescribeBlock (/Users/xbxs250/Projects/interview-question/node_modules/jest-circus/build/run.js:60:9)
    at run (/Users/xbxs250/Projects/interview-question/node_modules/jest-circus/build/run.js:25:3)
    at runAndTransformResultsToJestFormat (/Users/xbxs250/Projects/interview-question/node_modules/jest-circus/build/legacy-code-todo-rewrite/jestAdapterInit.js:170:21)
    at jestAdapter (/Users/xbxs250/Projects/interview-question/node_modules/jest-circus/build/legacy-code-todo-rewrite/jestAdapter.js:82:19)
    at runTestInternal (/Users/xbxs250/Projects/interview-question/node_modules/jest-runner/build/runTest.js:389:16)
    at runTest (/Users/xbxs250/Projects/interview-question/node_modules/jest-runner/build/runTest.js:475:34)
    at TestRunner.runTests (/Users/xbxs250/Projects/interview-question/node_modules/jest-runner/build/index.js:101:12)
    at TestScheduler.scheduleTests (/Users/xbxs250/Projects/interview-question/node_modules/@jest/core/build/TestScheduler.js:333:13)
    at runJest (/Users/xbxs250/Projects/interview-question/node_modules/@jest/core/build/runJest.js:404:19)
    at _run10000 (/Users/xbxs250/Projects/interview-question/node_modules/@jest/core/build/cli/index.js:320:7)
    at runCLI (/Users/xbxs250/Projects/interview-question/node_modules/@jest/core/build/cli/index.js:173:3)
    at Object.run (/Users/xbxs250/Projects/interview-question/node_modules/jest-cli/build/cli/index.js:155:37)</failure>
    </testcase>
    <testcase classname="User Management Cancel Button should clear validation alert when user clicks cancel button" name="User Management Cancel Button should clear validation alert when user clicks cancel button" time="0.008">
      <failure>Error: expect(received).toBeNull()

Received: &lt;div class=&quot;alert error mb-30&quot; data-testid=&quot;validationAlert&quot;&gt;Error: All fields are mandatory. And phone number to be of 10 digits.&lt;/div&gt;
    at Object.&lt;anonymous&gt; (/Users/xbxs250/Projects/interview-question/src/App.test.js:110:67)
    at Promise.then.completed (/Users/xbxs250/Projects/interview-question/node_modules/jest-circus/build/utils.js:391:28)
    at new Promise (&lt;anonymous&gt;)
    at callAsyncCircusFn (/Users/xbxs250/Projects/interview-question/node_modules/jest-circus/build/utils.js:316:10)
    at _callCircusTest (/Users/xbxs250/Projects/interview-question/node_modules/jest-circus/build/run.js:218:40)
    at processTicksAndRejections (node:internal/process/task_queues:95:5)
    at _runTest (/Users/xbxs250/Projects/interview-question/node_modules/jest-circus/build/run.js:155:3)
    at _runTestsForDescribeBlock (/Users/xbxs250/Projects/interview-question/node_modules/jest-circus/build/run.js:66:9)
    at _runTestsForDescribeBlock (/Users/xbxs250/Projects/interview-question/node_modules/jest-circus/build/run.js:60:9)
    at _runTestsForDescribeBlock (/Users/xbxs250/Projects/interview-question/node_modules/jest-circus/build/run.js:60:9)
    at run (/Users/xbxs250/Projects/interview-question/node_modules/jest-circus/build/run.js:25:3)
    at runAndTransformResultsToJestFormat (/Users/xbxs250/Projects/interview-question/node_modules/jest-circus/build/legacy-code-todo-rewrite/jestAdapterInit.js:170:21)
    at jestAdapter (/Users/xbxs250/Projects/interview-question/node_modules/jest-circus/build/legacy-code-todo-rewrite/jestAdapter.js:82:19)
    at runTestInternal (/Users/xbxs250/Projects/interview-question/node_modules/jest-runner/build/runTest.js:389:16)
    at runTest (/Users/xbxs250/Projects/interview-question/node_modules/jest-runner/build/runTest.js:475:34)
    at TestRunner.runTests (/Users/xbxs250/Projects/interview-question/node_modules/jest-runner/build/index.js:101:12)
    at TestScheduler.scheduleTests (/Users/xbxs250/Projects/interview-question/node_modules/@jest/core/build/TestScheduler.js:333:13)
    at runJest (/Users/xbxs250/Projects/interview-question/node_modules/@jest/core/build/runJest.js:404:19)
    at _run10000 (/Users/xbxs250/Projects/interview-question/node_modules/@jest/core/build/cli/index.js:320:7)
    at runCLI (/Users/xbxs250/Projects/interview-question/node_modules/@jest/core/build/cli/index.js:173:3)
    at Object.run (/Users/xbxs250/Projects/interview-question/node_modules/jest-cli/build/cli/index.js:155:37)</failure>
    </testcase>
    <testcase classname="User Management Validation should not add the user record to the list if any input fields is empty and should show an alert on screen" name="User Management Validation should not add the user record to the list if any input fields is empty and should show an alert on screen" time="0.003">
      <failure>Error: expect(received).toBeNull()

Received: &lt;div class=&quot;alert error mb-30&quot; data-testid=&quot;validationAlert&quot;&gt;Error: All fields are mandatory. And phone number to be of 10 digits.&lt;/div&gt;
    at Object.&lt;anonymous&gt; (/Users/xbxs250/Projects/interview-question/src/App.test.js:119:67)
    at Promise.then.completed (/Users/xbxs250/Projects/interview-question/node_modules/jest-circus/build/utils.js:391:28)
    at new Promise (&lt;anonymous&gt;)
    at callAsyncCircusFn (/Users/xbxs250/Projects/interview-question/node_modules/jest-circus/build/utils.js:316:10)
    at _callCircusTest (/Users/xbxs250/Projects/interview-question/node_modules/jest-circus/build/run.js:218:40)
    at processTicksAndRejections (node:internal/process/task_queues:95:5)
    at _runTest (/Users/xbxs250/Projects/interview-question/node_modules/jest-circus/build/run.js:155:3)
    at _runTestsForDescribeBlock (/Users/xbxs250/Projects/interview-question/node_modules/jest-circus/build/run.js:66:9)
    at _runTestsForDescribeBlock (/Users/xbxs250/Projects/interview-question/node_modules/jest-circus/build/run.js:60:9)
    at _runTestsForDescribeBlock (/Users/xbxs250/Projects/interview-question/node_modules/jest-circus/build/run.js:60:9)
    at run (/Users/xbxs250/Projects/interview-question/node_modules/jest-circus/build/run.js:25:3)
    at runAndTransformResultsToJestFormat (/Users/xbxs250/Projects/interview-question/node_modules/jest-circus/build/legacy-code-todo-rewrite/jestAdapterInit.js:170:21)
    at jestAdapter (/Users/xbxs250/Projects/interview-question/node_modules/jest-circus/build/legacy-code-todo-rewrite/jestAdapter.js:82:19)
    at runTestInternal (/Users/xbxs250/Projects/interview-question/node_modules/jest-runner/build/runTest.js:389:16)
    at runTest (/Users/xbxs250/Projects/interview-question/node_modules/jest-runner/build/runTest.js:475:34)
    at TestRunner.runTests (/Users/xbxs250/Projects/interview-question/node_modules/jest-runner/build/index.js:101:12)
    at TestScheduler.scheduleTests (/Users/xbxs250/Projects/interview-question/node_modules/@jest/core/build/TestScheduler.js:333:13)
    at runJest (/Users/xbxs250/Projects/interview-question/node_modules/@jest/core/build/runJest.js:404:19)
    at _run10000 (/Users/xbxs250/Projects/interview-question/node_modules/@jest/core/build/cli/index.js:320:7)
    at runCLI (/Users/xbxs250/Projects/interview-question/node_modules/@jest/core/build/cli/index.js:173:3)
    at Object.run (/Users/xbxs250/Projects/interview-question/node_modules/jest-cli/build/cli/index.js:155:37)</failure>
    </testcase>
    <testcase classname="User Management Validation should not add the user record to the list if phone number is not 10 digits and should show an alert on screen" name="User Management Validation should not add the user record to the list if phone number is not 10 digits and should show an alert on screen" time="0.003">
      <failure>Error: expect(received).toBeNull()

Received: &lt;div class=&quot;alert error mb-30&quot; data-testid=&quot;validationAlert&quot;&gt;Error: All fields are mandatory. And phone number to be of 10 digits.&lt;/div&gt;
    at Object.&lt;anonymous&gt; (/Users/xbxs250/Projects/interview-question/src/App.test.js:135:67)
    at Promise.then.completed (/Users/xbxs250/Projects/interview-question/node_modules/jest-circus/build/utils.js:391:28)
    at new Promise (&lt;anonymous&gt;)
    at callAsyncCircusFn (/Users/xbxs250/Projects/interview-question/node_modules/jest-circus/build/utils.js:316:10)
    at _callCircusTest (/Users/xbxs250/Projects/interview-question/node_modules/jest-circus/build/run.js:218:40)
    at processTicksAndRejections (node:internal/process/task_queues:95:5)
    at _runTest (/Users/xbxs250/Projects/interview-question/node_modules/jest-circus/build/run.js:155:3)
    at _runTestsForDescribeBlock (/Users/xbxs250/Projects/interview-question/node_modules/jest-circus/build/run.js:66:9)
    at _runTestsForDescribeBlock (/Users/xbxs250/Projects/interview-question/node_modules/jest-circus/build/run.js:60:9)
    at _runTestsForDescribeBlock (/Users/xbxs250/Projects/interview-question/node_modules/jest-circus/build/run.js:60:9)
    at run (/Users/xbxs250/Projects/interview-question/node_modules/jest-circus/build/run.js:25:3)
    at runAndTransformResultsToJestFormat (/Users/xbxs250/Projects/interview-question/node_modules/jest-circus/build/legacy-code-todo-rewrite/jestAdapterInit.js:170:21)
    at jestAdapter (/Users/xbxs250/Projects/interview-question/node_modules/jest-circus/build/legacy-code-todo-rewrite/jestAdapter.js:82:19)
    at runTestInternal (/Users/xbxs250/Projects/interview-question/node_modules/jest-runner/build/runTest.js:389:16)
    at runTest (/Users/xbxs250/Projects/interview-question/node_modules/jest-runner/build/runTest.js:475:34)
    at TestRunner.runTests (/Users/xbxs250/Projects/interview-question/node_modules/jest-runner/build/index.js:101:12)
    at TestScheduler.scheduleTests (/Users/xbxs250/Projects/interview-question/node_modules/@jest/core/build/TestScheduler.js:333:13)
    at runJest (/Users/xbxs250/Projects/interview-question/node_modules/@jest/core/build/runJest.js:404:19)
    at _run10000 (/Users/xbxs250/Projects/interview-question/node_modules/@jest/core/build/cli/index.js:320:7)
    at runCLI (/Users/xbxs250/Projects/interview-question/node_modules/@jest/core/build/cli/index.js:173:3)
    at Object.run (/Users/xbxs250/Projects/interview-question/node_modules/jest-cli/build/cli/index.js:155:37)</failure>
    </testcase>
    <testcase classname="User Management Validation should not add the user record to the list if phone number is 10 digits but starts with zero(0) and should show an alert on screen" name="User Management Validation should not add the user record to the list if phone number is 10 digits but starts with zero(0) and should show an alert on screen" time="0.003">
      <failure>Error: expect(received).toBeNull()

Received: &lt;div class=&quot;alert error mb-30&quot; data-testid=&quot;validationAlert&quot;&gt;Error: All fields are mandatory. And phone number to be of 10 digits.&lt;/div&gt;
    at Object.&lt;anonymous&gt; (/Users/xbxs250/Projects/interview-question/src/App.test.js:143:67)
    at Promise.then.completed (/Users/xbxs250/Projects/interview-question/node_modules/jest-circus/build/utils.js:391:28)
    at new Promise (&lt;anonymous&gt;)
    at callAsyncCircusFn (/Users/xbxs250/Projects/interview-question/node_modules/jest-circus/build/utils.js:316:10)
    at _callCircusTest (/Users/xbxs250/Projects/interview-question/node_modules/jest-circus/build/run.js:218:40)
    at processTicksAndRejections (node:internal/process/task_queues:95:5)
    at _runTest (/Users/xbxs250/Projects/interview-question/node_modules/jest-circus/build/run.js:155:3)
    at _runTestsForDescribeBlock (/Users/xbxs250/Projects/interview-question/node_modules/jest-circus/build/run.js:66:9)
    at _runTestsForDescribeBlock (/Users/xbxs250/Projects/interview-question/node_modules/jest-circus/build/run.js:60:9)
    at _runTestsForDescribeBlock (/Users/xbxs250/Projects/interview-question/node_modules/jest-circus/build/run.js:60:9)
    at run (/Users/xbxs250/Projects/interview-question/node_modules/jest-circus/build/run.js:25:3)
    at runAndTransformResultsToJestFormat (/Users/xbxs250/Projects/interview-question/node_modules/jest-circus/build/legacy-code-todo-rewrite/jestAdapterInit.js:170:21)
    at jestAdapter (/Users/xbxs250/Projects/interview-question/node_modules/jest-circus/build/legacy-code-todo-rewrite/jestAdapter.js:82:19)
    at runTestInternal (/Users/xbxs250/Projects/interview-question/node_modules/jest-runner/build/runTest.js:389:16)
    at runTest (/Users/xbxs250/Projects/interview-question/node_modules/jest-runner/build/runTest.js:475:34)
    at TestRunner.runTests (/Users/xbxs250/Projects/interview-question/node_modules/jest-runner/build/index.js:101:12)
    at TestScheduler.scheduleTests (/Users/xbxs250/Projects/interview-question/node_modules/@jest/core/build/TestScheduler.js:333:13)
    at runJest (/Users/xbxs250/Projects/interview-question/node_modules/@jest/core/build/runJest.js:404:19)
    at _run10000 (/Users/xbxs250/Projects/interview-question/node_modules/@jest/core/build/cli/index.js:320:7)
    at runCLI (/Users/xbxs250/Projects/interview-question/node_modules/@jest/core/build/cli/index.js:173:3)
    at Object.run (/Users/xbxs250/Projects/interview-question/node_modules/jest-cli/build/cli/index.js:155:37)</failure>
    </testcase>
    <testcase classname="User Management Add/Edit Button should show validation error when user clicks Add/Edit button with no data in the form" name="User Management Add/Edit Button should show validation error when user clicks Add/Edit button with no data in the form" time="0.003">
      <failure>Error: expect(received).toBeNull()

Received: &lt;div class=&quot;alert error mb-30&quot; data-testid=&quot;validationAlert&quot;&gt;Error: All fields are mandatory. And phone number to be of 10 digits.&lt;/div&gt;
    at Object.&lt;anonymous&gt; (/Users/xbxs250/Projects/interview-question/src/App.test.js:154:67)
    at Promise.then.completed (/Users/xbxs250/Projects/interview-question/node_modules/jest-circus/build/utils.js:391:28)
    at new Promise (&lt;anonymous&gt;)
    at callAsyncCircusFn (/Users/xbxs250/Projects/interview-question/node_modules/jest-circus/build/utils.js:316:10)
    at _callCircusTest (/Users/xbxs250/Projects/interview-question/node_modules/jest-circus/build/run.js:218:40)
    at processTicksAndRejections (node:internal/process/task_queues:95:5)
    at _runTest (/Users/xbxs250/Projects/interview-question/node_modules/jest-circus/build/run.js:155:3)
    at _runTestsForDescribeBlock (/Users/xbxs250/Projects/interview-question/node_modules/jest-circus/build/run.js:66:9)
    at _runTestsForDescribeBlock (/Users/xbxs250/Projects/interview-question/node_modules/jest-circus/build/run.js:60:9)
    at _runTestsForDescribeBlock (/Users/xbxs250/Projects/interview-question/node_modules/jest-circus/build/run.js:60:9)
    at run (/Users/xbxs250/Projects/interview-question/node_modules/jest-circus/build/run.js:25:3)
    at runAndTransformResultsToJestFormat (/Users/xbxs250/Projects/interview-question/node_modules/jest-circus/build/legacy-code-todo-rewrite/jestAdapterInit.js:170:21)
    at jestAdapter (/Users/xbxs250/Projects/interview-question/node_modules/jest-circus/build/legacy-code-todo-rewrite/jestAdapter.js:82:19)
    at runTestInternal (/Users/xbxs250/Projects/interview-question/node_modules/jest-runner/build/runTest.js:389:16)
    at runTest (/Users/xbxs250/Projects/interview-question/node_modules/jest-runner/build/runTest.js:475:34)
    at TestRunner.runTests (/Users/xbxs250/Projects/interview-question/node_modules/jest-runner/build/index.js:101:12)
    at TestScheduler.scheduleTests (/Users/xbxs250/Projects/interview-question/node_modules/@jest/core/build/TestScheduler.js:333:13)
    at runJest (/Users/xbxs250/Projects/interview-question/node_modules/@jest/core/build/runJest.js:404:19)
    at _run10000 (/Users/xbxs250/Projects/interview-question/node_modules/@jest/core/build/cli/index.js:320:7)
    at runCLI (/Users/xbxs250/Projects/interview-question/node_modules/@jest/core/build/cli/index.js:173:3)
    at Object.run (/Users/xbxs250/Projects/interview-question/node_modules/jest-cli/build/cli/index.js:155:37)</failure>
    </testcase>
    <testcase classname="User Management Add/Edit Button should not show validation alert when correct values are supplied with click of Add/Edit button" name="User Management Add/Edit Button should not show validation alert when correct values are supplied with click of Add/Edit button" time="0.003">
      <failure>Error: expect(received).toBeNull()

Received: &lt;div class=&quot;alert error mb-30&quot; data-testid=&quot;validationAlert&quot;&gt;Error: All fields are mandatory. And phone number to be of 10 digits.&lt;/div&gt;
    at Object.&lt;anonymous&gt; (/Users/xbxs250/Projects/interview-question/src/App.test.js:162:67)
    at Promise.then.completed (/Users/xbxs250/Projects/interview-question/node_modules/jest-circus/build/utils.js:391:28)
    at new Promise (&lt;anonymous&gt;)
    at callAsyncCircusFn (/Users/xbxs250/Projects/interview-question/node_modules/jest-circus/build/utils.js:316:10)
    at _callCircusTest (/Users/xbxs250/Projects/interview-question/node_modules/jest-circus/build/run.js:218:40)
    at processTicksAndRejections (node:internal/process/task_queues:95:5)
    at _runTest (/Users/xbxs250/Projects/interview-question/node_modules/jest-circus/build/run.js:155:3)
    at _runTestsForDescribeBlock (/Users/xbxs250/Projects/interview-question/node_modules/jest-circus/build/run.js:66:9)
    at _runTestsForDescribeBlock (/Users/xbxs250/Projects/interview-question/node_modules/jest-circus/build/run.js:60:9)
    at _runTestsForDescribeBlock (/Users/xbxs250/Projects/interview-question/node_modules/jest-circus/build/run.js:60:9)
    at run (/Users/xbxs250/Projects/interview-question/node_modules/jest-circus/build/run.js:25:3)
    at runAndTransformResultsToJestFormat (/Users/xbxs250/Projects/interview-question/node_modules/jest-circus/build/legacy-code-todo-rewrite/jestAdapterInit.js:170:21)
    at jestAdapter (/Users/xbxs250/Projects/interview-question/node_modules/jest-circus/build/legacy-code-todo-rewrite/jestAdapter.js:82:19)
    at runTestInternal (/Users/xbxs250/Projects/interview-question/node_modules/jest-runner/build/runTest.js:389:16)
    at runTest (/Users/xbxs250/Projects/interview-question/node_modules/jest-runner/build/runTest.js:475:34)
    at TestRunner.runTests (/Users/xbxs250/Projects/interview-question/node_modules/jest-runner/build/index.js:101:12)
    at TestScheduler.scheduleTests (/Users/xbxs250/Projects/interview-question/node_modules/@jest/core/build/TestScheduler.js:333:13)
    at runJest (/Users/xbxs250/Projects/interview-question/node_modules/@jest/core/build/runJest.js:404:19)
    at _run10000 (/Users/xbxs250/Projects/interview-question/node_modules/@jest/core/build/cli/index.js:320:7)
    at runCLI (/Users/xbxs250/Projects/interview-question/node_modules/@jest/core/build/cli/index.js:173:3)
    at Object.run (/Users/xbxs250/Projects/interview-question/node_modules/jest-cli/build/cli/index.js:155:37)</failure>
    </testcase>
    <testcase classname="User Management User List with Actions should check that after a user record is added all the fields are displayed along with the actions" name="User Management User List with Actions should check that after a user record is added all the fields are displayed along with the actions" time="0.002">
      <failure>Error: expect(received).toBeNull()

Received: &lt;div class=&quot;alert error mb-30&quot; data-testid=&quot;validationAlert&quot;&gt;Error: All fields are mandatory. And phone number to be of 10 digits.&lt;/div&gt;
    at Object.&lt;anonymous&gt; (/Users/xbxs250/Projects/interview-question/src/App.test.js:172:67)
    at Promise.then.completed (/Users/xbxs250/Projects/interview-question/node_modules/jest-circus/build/utils.js:391:28)
    at new Promise (&lt;anonymous&gt;)
    at callAsyncCircusFn (/Users/xbxs250/Projects/interview-question/node_modules/jest-circus/build/utils.js:316:10)
    at _callCircusTest (/Users/xbxs250/Projects/interview-question/node_modules/jest-circus/build/run.js:218:40)
    at processTicksAndRejections (node:internal/process/task_queues:95:5)
    at _runTest (/Users/xbxs250/Projects/interview-question/node_modules/jest-circus/build/run.js:155:3)
    at _runTestsForDescribeBlock (/Users/xbxs250/Projects/interview-question/node_modules/jest-circus/build/run.js:66:9)
    at _runTestsForDescribeBlock (/Users/xbxs250/Projects/interview-question/node_modules/jest-circus/build/run.js:60:9)
    at _runTestsForDescribeBlock (/Users/xbxs250/Projects/interview-question/node_modules/jest-circus/build/run.js:60:9)
    at run (/Users/xbxs250/Projects/interview-question/node_modules/jest-circus/build/run.js:25:3)
    at runAndTransformResultsToJestFormat (/Users/xbxs250/Projects/interview-question/node_modules/jest-circus/build/legacy-code-todo-rewrite/jestAdapterInit.js:170:21)
    at jestAdapter (/Users/xbxs250/Projects/interview-question/node_modules/jest-circus/build/legacy-code-todo-rewrite/jestAdapter.js:82:19)
    at runTestInternal (/Users/xbxs250/Projects/interview-question/node_modules/jest-runner/build/runTest.js:389:16)
    at runTest (/Users/xbxs250/Projects/interview-question/node_modules/jest-runner/build/runTest.js:475:34)
    at TestRunner.runTests (/Users/xbxs250/Projects/interview-question/node_modules/jest-runner/build/index.js:101:12)
    at TestScheduler.scheduleTests (/Users/xbxs250/Projects/interview-question/node_modules/@jest/core/build/TestScheduler.js:333:13)
    at runJest (/Users/xbxs250/Projects/interview-question/node_modules/@jest/core/build/runJest.js:404:19)
    at _run10000 (/Users/xbxs250/Projects/interview-question/node_modules/@jest/core/build/cli/index.js:320:7)
    at runCLI (/Users/xbxs250/Projects/interview-question/node_modules/@jest/core/build/cli/index.js:173:3)
    at Object.run (/Users/xbxs250/Projects/interview-question/node_modules/jest-cli/build/cli/index.js:155:37)</failure>
    </testcase>
    <testcase classname="User Management User List with Actions should delete the user from the list when delete button is clicked on the user row" name="User Management User List with Actions should delete the user from the list when delete button is clicked on the user row" time="0.004">
      <failure>Error: expect(received).toBeNull()

Received: &lt;div class=&quot;alert error mb-30&quot; data-testid=&quot;validationAlert&quot;&gt;Error: All fields are mandatory. And phone number to be of 10 digits.&lt;/div&gt;
    at Object.&lt;anonymous&gt; (/Users/xbxs250/Projects/interview-question/src/App.test.js:180:67)
    at Promise.then.completed (/Users/xbxs250/Projects/interview-question/node_modules/jest-circus/build/utils.js:391:28)
    at new Promise (&lt;anonymous&gt;)
    at callAsyncCircusFn (/Users/xbxs250/Projects/interview-question/node_modules/jest-circus/build/utils.js:316:10)
    at _callCircusTest (/Users/xbxs250/Projects/interview-question/node_modules/jest-circus/build/run.js:218:40)
    at processTicksAndRejections (node:internal/process/task_queues:95:5)
    at _runTest (/Users/xbxs250/Projects/interview-question/node_modules/jest-circus/build/run.js:155:3)
    at _runTestsForDescribeBlock (/Users/xbxs250/Projects/interview-question/node_modules/jest-circus/build/run.js:66:9)
    at _runTestsForDescribeBlock (/Users/xbxs250/Projects/interview-question/node_modules/jest-circus/build/run.js:60:9)
    at _runTestsForDescribeBlock (/Users/xbxs250/Projects/interview-question/node_modules/jest-circus/build/run.js:60:9)
    at run (/Users/xbxs250/Projects/interview-question/node_modules/jest-circus/build/run.js:25:3)
    at runAndTransformResultsToJestFormat (/Users/xbxs250/Projects/interview-question/node_modules/jest-circus/build/legacy-code-todo-rewrite/jestAdapterInit.js:170:21)
    at jestAdapter (/Users/xbxs250/Projects/interview-question/node_modules/jest-circus/build/legacy-code-todo-rewrite/jestAdapter.js:82:19)
    at runTestInternal (/Users/xbxs250/Projects/interview-question/node_modules/jest-runner/build/runTest.js:389:16)
    at runTest (/Users/xbxs250/Projects/interview-question/node_modules/jest-runner/build/runTest.js:475:34)
    at TestRunner.runTests (/Users/xbxs250/Projects/interview-question/node_modules/jest-runner/build/index.js:101:12)
    at TestScheduler.scheduleTests (/Users/xbxs250/Projects/interview-question/node_modules/@jest/core/build/TestScheduler.js:333:13)
    at runJest (/Users/xbxs250/Projects/interview-question/node_modules/@jest/core/build/runJest.js:404:19)
    at _run10000 (/Users/xbxs250/Projects/interview-question/node_modules/@jest/core/build/cli/index.js:320:7)
    at runCLI (/Users/xbxs250/Projects/interview-question/node_modules/@jest/core/build/cli/index.js:173:3)
    at Object.run (/Users/xbxs250/Projects/interview-question/node_modules/jest-cli/build/cli/index.js:155:37)</failure>
    </testcase>
    <testcase classname="User Management User List with Actions should populate the user details in the form for edit when edit button is clicked on the row" name="User Management User List with Actions should populate the user details in the form for edit when edit button is clicked on the row" time="0.002">
      <failure>Error: expect(received).toBeNull()

Received: &lt;div class=&quot;alert error mb-30&quot; data-testid=&quot;validationAlert&quot;&gt;Error: All fields are mandatory. And phone number to be of 10 digits.&lt;/div&gt;
    at Object.&lt;anonymous&gt; (/Users/xbxs250/Projects/interview-question/src/App.test.js:190:67)
    at Promise.then.completed (/Users/xbxs250/Projects/interview-question/node_modules/jest-circus/build/utils.js:391:28)
    at new Promise (&lt;anonymous&gt;)
    at callAsyncCircusFn (/Users/xbxs250/Projects/interview-question/node_modules/jest-circus/build/utils.js:316:10)
    at _callCircusTest (/Users/xbxs250/Projects/interview-question/node_modules/jest-circus/build/run.js:218:40)
    at processTicksAndRejections (node:internal/process/task_queues:95:5)
    at _runTest (/Users/xbxs250/Projects/interview-question/node_modules/jest-circus/build/run.js:155:3)
    at _runTestsForDescribeBlock (/Users/xbxs250/Projects/interview-question/node_modules/jest-circus/build/run.js:66:9)
    at _runTestsForDescribeBlock (/Users/xbxs250/Projects/interview-question/node_modules/jest-circus/build/run.js:60:9)
    at _runTestsForDescribeBlock (/Users/xbxs250/Projects/interview-question/node_modules/jest-circus/build/run.js:60:9)
    at run (/Users/xbxs250/Projects/interview-question/node_modules/jest-circus/build/run.js:25:3)
    at runAndTransformResultsToJestFormat (/Users/xbxs250/Projects/interview-question/node_modules/jest-circus/build/legacy-code-todo-rewrite/jestAdapterInit.js:170:21)
    at jestAdapter (/Users/xbxs250/Projects/interview-question/node_modules/jest-circus/build/legacy-code-todo-rewrite/jestAdapter.js:82:19)
    at runTestInternal (/Users/xbxs250/Projects/interview-question/node_modules/jest-runner/build/runTest.js:389:16)
    at runTest (/Users/xbxs250/Projects/interview-question/node_modules/jest-runner/build/runTest.js:475:34)
    at TestRunner.runTests (/Users/xbxs250/Projects/interview-question/node_modules/jest-runner/build/index.js:101:12)
    at TestScheduler.scheduleTests (/Users/xbxs250/Projects/interview-question/node_modules/@jest/core/build/TestScheduler.js:333:13)
    at runJest (/Users/xbxs250/Projects/interview-question/node_modules/@jest/core/build/runJest.js:404:19)
    at _run10000 (/Users/xbxs250/Projects/interview-question/node_modules/@jest/core/build/cli/index.js:320:7)
    at runCLI (/Users/xbxs250/Projects/interview-question/node_modules/@jest/core/build/cli/index.js:173:3)
    at Object.run (/Users/xbxs250/Projects/interview-question/node_modules/jest-cli/build/cli/index.js:155:37)</failure>
    </testcase>
    <testcase classname="User Management User List with Actions should add back the details of the user without any change if cancel button is clicked after edit button" name="User Management User List with Actions should add back the details of the user without any change if cancel button is clicked after edit button" time="0.002">
      <failure>Error: expect(received).toBeNull()

Received: &lt;div class=&quot;alert error mb-30&quot; data-testid=&quot;validationAlert&quot;&gt;Error: All fields are mandatory. And phone number to be of 10 digits.&lt;/div&gt;
    at Object.&lt;anonymous&gt; (/Users/xbxs250/Projects/interview-question/src/App.test.js:201:67)
    at Promise.then.completed (/Users/xbxs250/Projects/interview-question/node_modules/jest-circus/build/utils.js:391:28)
    at new Promise (&lt;anonymous&gt;)
    at callAsyncCircusFn (/Users/xbxs250/Projects/interview-question/node_modules/jest-circus/build/utils.js:316:10)
    at _callCircusTest (/Users/xbxs250/Projects/interview-question/node_modules/jest-circus/build/run.js:218:40)
    at processTicksAndRejections (node:internal/process/task_queues:95:5)
    at _runTest (/Users/xbxs250/Projects/interview-question/node_modules/jest-circus/build/run.js:155:3)
    at _runTestsForDescribeBlock (/Users/xbxs250/Projects/interview-question/node_modules/jest-circus/build/run.js:66:9)
    at _runTestsForDescribeBlock (/Users/xbxs250/Projects/interview-question/node_modules/jest-circus/build/run.js:60:9)
    at _runTestsForDescribeBlock (/Users/xbxs250/Projects/interview-question/node_modules/jest-circus/build/run.js:60:9)
    at run (/Users/xbxs250/Projects/interview-question/node_modules/jest-circus/build/run.js:25:3)
    at runAndTransformResultsToJestFormat (/Users/xbxs250/Projects/interview-question/node_modules/jest-circus/build/legacy-code-todo-rewrite/jestAdapterInit.js:170:21)
    at jestAdapter (/Users/xbxs250/Projects/interview-question/node_modules/jest-circus/build/legacy-code-todo-rewrite/jestAdapter.js:82:19)
    at runTestInternal (/Users/xbxs250/Projects/interview-question/node_modules/jest-runner/build/runTest.js:389:16)
    at runTest (/Users/xbxs250/Projects/interview-question/node_modules/jest-runner/build/runTest.js:475:34)
    at TestRunner.runTests (/Users/xbxs250/Projects/interview-question/node_modules/jest-runner/build/index.js:101:12)
    at TestScheduler.scheduleTests (/Users/xbxs250/Projects/interview-question/node_modules/@jest/core/build/TestScheduler.js:333:13)
    at runJest (/Users/xbxs250/Projects/interview-question/node_modules/@jest/core/build/runJest.js:404:19)
    at _run10000 (/Users/xbxs250/Projects/interview-question/node_modules/@jest/core/build/cli/index.js:320:7)
    at runCLI (/Users/xbxs250/Projects/interview-question/node_modules/@jest/core/build/cli/index.js:173:3)
    at Object.run (/Users/xbxs250/Projects/interview-question/node_modules/jest-cli/build/cli/index.js:155:37)</failure>
    </testcase>
    <testcase classname="User Management User List with Actions should update the user in the list with new values when Add/User is clicked" name="User Management User List with Actions should update the user in the list with new values when Add/User is clicked" time="0.003">
      <failure>Error: expect(received).toBeNull()

Received: &lt;div class=&quot;alert error mb-30&quot; data-testid=&quot;validationAlert&quot;&gt;Error: All fields are mandatory. And phone number to be of 10 digits.&lt;/div&gt;
    at Object.&lt;anonymous&gt; (/Users/xbxs250/Projects/interview-question/src/App.test.js:216:67)
    at Promise.then.completed (/Users/xbxs250/Projects/interview-question/node_modules/jest-circus/build/utils.js:391:28)
    at new Promise (&lt;anonymous&gt;)
    at callAsyncCircusFn (/Users/xbxs250/Projects/interview-question/node_modules/jest-circus/build/utils.js:316:10)
    at _callCircusTest (/Users/xbxs250/Projects/interview-question/node_modules/jest-circus/build/run.js:218:40)
    at processTicksAndRejections (node:internal/process/task_queues:95:5)
    at _runTest (/Users/xbxs250/Projects/interview-question/node_modules/jest-circus/build/run.js:155:3)
    at _runTestsForDescribeBlock (/Users/xbxs250/Projects/interview-question/node_modules/jest-circus/build/run.js:66:9)
    at _runTestsForDescribeBlock (/Users/xbxs250/Projects/interview-question/node_modules/jest-circus/build/run.js:60:9)
    at _runTestsForDescribeBlock (/Users/xbxs250/Projects/interview-question/node_modules/jest-circus/build/run.js:60:9)
    at run (/Users/xbxs250/Projects/interview-question/node_modules/jest-circus/build/run.js:25:3)
    at runAndTransformResultsToJestFormat (/Users/xbxs250/Projects/interview-question/node_modules/jest-circus/build/legacy-code-todo-rewrite/jestAdapterInit.js:170:21)
    at jestAdapter (/Users/xbxs250/Projects/interview-question/node_modules/jest-circus/build/legacy-code-todo-rewrite/jestAdapter.js:82:19)
    at runTestInternal (/Users/xbxs250/Projects/interview-question/node_modules/jest-runner/build/runTest.js:389:16)
    at runTest (/Users/xbxs250/Projects/interview-question/node_modules/jest-runner/build/runTest.js:475:34)
    at TestRunner.runTests (/Users/xbxs250/Projects/interview-question/node_modules/jest-runner/build/index.js:101:12)
    at TestScheduler.scheduleTests (/Users/xbxs250/Projects/interview-question/node_modules/@jest/core/build/TestScheduler.js:333:13)
    at runJest (/Users/xbxs250/Projects/interview-question/node_modules/@jest/core/build/runJest.js:404:19)
    at _run10000 (/Users/xbxs250/Projects/interview-question/node_modules/@jest/core/build/cli/index.js:320:7)
    at runCLI (/Users/xbxs250/Projects/interview-question/node_modules/@jest/core/build/cli/index.js:173:3)
    at Object.run (/Users/xbxs250/Projects/interview-question/node_modules/jest-cli/build/cli/index.js:155:37)</failure>
    </testcase>
  </testsuite>
</testsuites>